Copyright 1986-2018 Xilinx, Inc. All Rights Reserved.
---------------------------------------------------------------------------------------------
| Tool Version : Vivado v.2018.2 (lin64) Build 2258646 Thu Jun 14 20:02:38 MDT 2018
| Date         : Sat Dec 15 23:28:17 2018
| Host         : ece07 running 64-bit Ubuntu 16.04.5 LTS
| Command      : report_control_sets -verbose -file design_1_wrapper_control_sets_placed.rpt
| Design       : design_1_wrapper
| Device       : xc7z010
---------------------------------------------------------------------------------------------

Control Set Information

Table of Contents
-----------------
1. Summary
2. Histogram
3. Flip-Flop Distribution
4. Detailed Control Set Information

1. Summary
----------

+----------------------------------------------------------+-------+
|                          Status                          | Count |
+----------------------------------------------------------+-------+
| Number of unique control sets                            |    15 |
| Unused register locations in slices containing registers |    44 |
+----------------------------------------------------------+-------+


2. Histogram
------------

+--------+--------------+
| Fanout | Control Sets |
+--------+--------------+
|      8 |            2 |
|     12 |            1 |
|    16+ |           12 |
+--------+--------------+


3. Flip-Flop Distribution
-------------------------

+--------------+-----------------------+------------------------+-----------------+--------------+
| Clock Enable | Synchronous Set/Reset | Asynchronous Set/Reset | Total Registers | Total Slices |
+--------------+-----------------------+------------------------+-----------------+--------------+
| No           | No                    | No                     |              58 |           18 |
| No           | No                    | Yes                    |               0 |            0 |
| No           | Yes                   | No                     |               0 |            0 |
| Yes          | No                    | No                     |              12 |            1 |
| Yes          | No                    | Yes                    |               0 |            0 |
| Yes          | Yes                   | No                     |             566 |           84 |
+--------------+-----------------------+------------------------+-----------------+--------------+


4. Detailed Control Set Information
-----------------------------------

+----------------+----------------------------------------------+-------------------------------------------+------------------+----------------+
|  Clock Signal  |                 Enable Signal                |              Set/Reset Signal             | Slice Load Count | Bel Load Count |
+----------------+----------------------------------------------+-------------------------------------------+------------------+----------------+
|  clk_IBUF_BUFG | design_1_i/controller_0/U0/score1[3]_i_1_n_0 | design_1_i/controller_0/U0/score10        |                1 |              8 |
|  clk_IBUF_BUFG | design_1_i/controller_0/U0/score20           | design_1_i/controller_0/U0/score10        |                2 |              8 |
|  clk_IBUF_BUFG | design_1_i/controller_0/U0/paddle1_y2        |                                           |                1 |             12 |
|  clk_IBUF_BUFG | design_1_i/clock_div_25_0/U0/clk_div         | design_1_i/vga_ctrl_0/U0/hCnt0            |                3 |             20 |
|  clk_IBUF_BUFG | design_1_i/vga_ctrl_0/U0/hCnt0               | design_1_i/vga_ctrl_0/U0/vCnt0            |                4 |             20 |
|  clk_IBUF_BUFG | design_1_i/clock_div_25_0/U0/clk_div         | design_1_i/pixel_pusher_0/U0/R[4]_i_1_n_0 |                4 |             22 |
|  clk_IBUF_BUFG | design_1_i/debounce_3/U0/count[0]_i_2_n_0    | design_1_i/debounce_3/U0/clear            |                6 |             44 |
|  clk_IBUF_BUFG | design_1_i/debounce_2/U0/count[0]_i_2_n_0    | design_1_i/debounce_2/U0/clear            |                6 |             44 |
|  clk_IBUF_BUFG | design_1_i/debounce_1/U0/count[0]_i_2_n_0    | design_1_i/debounce_1/U0/clear            |                6 |             44 |
|  clk_IBUF_BUFG | design_1_i/debounce_0/U0/count[0]_i_2_n_0    | design_1_i/debounce_0/U0/clear            |                6 |             44 |
|  clk_IBUF_BUFG |                                              |                                           |               18 |             58 |
|  clk_IBUF_BUFG | design_1_i/controller_0/U0/paddle1_y0__14    | design_1_i/controller_0/U0/score10        |                8 |             60 |
|  clk_IBUF_BUFG | design_1_i/controller_0/U0/v_y0              | design_1_i/controller_0/U0/ball_x0        |               10 |             64 |
|  clk_IBUF_BUFG | design_1_i/controller_0/U0/paddle2_y0        | design_1_i/controller_0/U0/score10        |                9 |             64 |
|  clk_IBUF_BUFG | design_1_i/controller_0/U0/paddle1_y2        | design_1_i/controller_0/U0/ball_x0        |               19 |            124 |
+----------------+----------------------------------------------+-------------------------------------------+------------------+----------------+


